#Total	12
-	2
AzlC	1
2OG-Fe_Oxy_2	1
Radical_SAM_c10;SPASM_c22	1
ABC_trans_aux	1
NrsF	1
Sigma70_r2;Sigma70_r4_2	1
DoxX	1
DUF2063	1
DUF692	1
DUF2282	1
