BGC0002659,-,-,2OG-Fe_Oxy_2,Radical_SAM_c10;SPASM_c22,-
