#Total	5
-	3
2OG-Fe_Oxy_2	1
Radical_SAM_c10;SPASM_c22	1
